Exo 1
lwt3133a@r-info-cora-l17:~/SHELL/tp8$ grep -n gucci
lwt3133a@r-info-cora-l17:~/SHELL/tp8$ grep -n gucci test
1:gucci gang
2:gucci gang
lwt3133a@r-info-cora-l17:~/SHELL/tp8$ grep -r gucci test
gucci gang
gucci gang
lwt3133a@r-info-cora-l17:~/SHELL/tp8$ grep -n -r gucci test
1:gucci gang
2:gucci gang
lwt3133a@r-info-cora-l17:~/SHELL/tp8$ grep -H -r gucci test
test:gucci gang
test:gucci gang
lwt3133a@r-info-cora-l17:~/SHELL/tp8$ grep -H -r gucci 
tchoupi:paul est tres gucci
tchoupi:gucci paul
tchoupi:gucci paul
test:gucci gang
test:gucci gang
lwt3133a@r-info-cora-l17:~/SHELL/tp8$ grep -v -r gucci test
gang
dems
lwt3133a@r-info-cora-l17:~/SHELL/tp8$ grep -h -r gucci
paul est tres gucci
gucci paul
gucci paul
gucci gang
gucci gang
lwt3133a@r-info-cora-l17:~/SHELL/tp8$ grep -w -r gucci
tchoupi:paul est tres gucci
tchoupi:gucci paul
tchoupi:gucci paul
test:gucci gang
test:gucci gang
lwt3133a@r-info-cora-l17:~/SHELL/tp8$ grep -v -r gucci
not:luis
not:vuitto
not:flex
not:SUPREME
tchoupi:en plus d'etre tchoupi 
tchoupi:gang gang
test:gang
test:dems
lwt3133a@r-info-cora-l17:~/SHELL/tp8$ grep -L -r gucci
not
tp8_exo1
lwt3133a@r-info-cora-l17:~/SHELL/tp8$ grep -w -r
Utilisation : grep [OPTION]... MOTIF [FICHIER]...
Exécutez « grep --help » pour obtenir des renseignements complémentaires.
lwt3133a@r-info-cora-l17:~/SHELL/tp8$ grep -w -r gucci
tchoupi:paul est tres gucci
tchoupi:gucci paul
tchoupi:gucci paul
test:gucci gang
test:gucci gang
lwt3133a@r-info-cora-l17:~/SHELL/tp8$ grep -w -r gucci
tchoupi:paul est tres gucci
tchoupi:gucci paul
tchoupi:gucci paul
test:gucci gang
test:gucci gang
lwt3133a@r-info-cora-l17:~/SHELL/tp8$ grep -h -w -r gucci
paul est tres gucci
gucci paul
gucci paul
gucci gang
gucci gang


Exo 2
lwt3133a@r-info-cora-l17:~/SHELL/tp8$ cut -c 1,6 -10
cut : option invalide -- '1'
Saisissez « cut --help » pour plus d'informations.
lwt3133a@r-info-cora-l17:~/SHELL/tp8$ cd ~
lwt3133a@r-info-cora-l17:~$ ls -l
total 252
drwxr-xr-x 2 lwt3133a utilisateurs du domaine   4096 oct.  11 09:28 Bureau
-rwxr-xr-x 1 lwt3133a utilisateurs du domaine     60 oct.  11 09:06 date-script
drwxr-xr-x 3 lwt3133a utilisateurs du domaine   4096 oct.   4 09:01 Documents
drwxr-xr-x 2 lwt3133a utilisateurs du domaine   4096 oct.  11 08:34 Exo
-rw-r--r-- 1 lwt3133a utilisateurs du domaine 196704 nov.   8 08:09 hda.cow
-rw-r--r-- 1 lwt3133a root                       119 oct.  16 15:18 Identifiants_MySQL
drwxr-xr-x 2 lwt3133a utilisateurs du domaine   4096 oct.   4 09:01 Images
drwxr-xr-x 2 lwt3133a utilisateurs du domaine   4096 oct.   4 09:01 Modèles
drwxr-xr-x 2 lwt3133a utilisateurs du domaine   4096 oct.   4 09:01 Musique
drwxr-xr-x 2 lwt3133a utilisateurs du domaine   4096 oct.   4 09:01 Public
drwxr-xr-x 2 lwt3133a utilisateurs du domaine   4096 déc.  13 09:45 Python
-rw-r--r-- 1 lwt3133a utilisateurs du domaine      0 oct.  25 08:15 qemu-img
drwxr-xr-x 6 lwt3133a                   11801   4096 déc.  14 08:10 SHELL
drwxr-xr-x 2 lwt3133a utilisateurs du domaine   4096 oct.  18 09:02 Téléchargements
drwxr-xr-x 3 lwt3133a utilisateurs du domaine   4096 nov.  20 15:56 TPAds
drwxr-xr-x 2 lwt3133a utilisateurs du domaine   4096 oct.   4 09:01 Vidéos
lwt3133a@r-info-cora-l17:~$ cd /
lwt3133a@r-info-cora-l17:/$ cd etc/passwd
bash: cd: etc/passwd: N'est pas un dossier
lwt3133a@r-info-cora-l17:/$ cd etc/
lwt3133a@r-info-cora-l17:/etc$ ls
adduser.conf		       groff		mailcap.order	  rmt
adjtime			       group		mailname	  rpc
aliases			       group-		manpath.config	  rsyslog.conf
alternatives		       grub.d		matplotlibrc	  rsyslog.d
anacrontab		       gshadow		mime.types	  samba
apache2			       gshadow-		mke2fs.conf	  sane.d
apm			       gss		modprobe.d	  securetty
apparmor.d		       gtk-2.0		modules		  security
apt			       gtk-3.0		modules-load.d	  selinux
avahi			       hddtemp.db	mono		  sensors3.conf
bash.bashrc		       hdparm.conf	motd		  sensors.d
bash_completion		       host.conf	mtab		  services
bash_completion.d	       hostname		mysql		  sgml
bindresvport.blacklist	       hosts		nanorc		  shadow
binfmt.d		       hosts.allow	netconfig	  shadow-
bonobo-activation	       hosts.deny	network		  shells
ca-certificates		       icedtea-web	NetworkManager	  skel
ca-certificates.conf	       idmapd.conf	networks	  smi.conf
ca-certificates.conf.dpkg-old  ifplugd		newt		  sound
calendar		       ImageMagick-6	nsswitch.conf	  speech-dispatcher
chatscripts		       init		ntp.conf	  ssh
console-setup		       init.d		opt		  ssl
cron.d			       initramfs-tools	os-release	  staff-group-for-usr-local
cron.daily		       inputrc		PackageKit	  subgid
cron.hourly		       insserv.conf.d	pam.conf	  subgid-
cron.monthly		       iproute2		pam.d		  subuid
crontab			       iscsi		papersize	  subuid-
cron.weekly		       issue		passwd		  sysctl.conf
cupshelpers		       issue.net	passwd-		  sysctl.d
dbus-1			       java		perl		  systemd
debconf.conf		       java-8-openjdk	polkit-1	  terminfo
debian_version		       kernel		ppp		  texmf
default			       kernel-img.conf	profile		  thunderbird
deluser.conf		       krb5.conf	profile.d	  timezone
dhcp			       ldap		protocols	  tmpfiles.d
dictionaries-common	       ld.so.cache	pulse		  ucf.conf
discover.conf.d		       ld.so.conf	python		  udev
discover-modprobe.conf	       ld.so.conf.d	python2.7	  udisks2
dpkg			       libao.conf	python3		  ufw
drirc			       libaudit.conf	python3.5	  update-motd.d
emacs			       libnl-3		qemu-ifdown	  UPower
email-addresses		       libpaper.d	qemu-ifup	  usb_modeswitch.conf
environment		       libreoffice	rc0.d		  usb_modeswitch.d
exim4			       lightdm		rc1.d		  vdpau_wrapper.cfg
firefox-esr		       lighttpd		rc2.d		  vim
fonts			       locale.alias	rc3.d		  wgetrc
fstab			       locale.gen	rc4.d		  wireshark
fuse.conf		       localtime	rc5.d		  wpa_supplicant
gai.conf		       logcheck		rc6.d		  X11
gconf			       login.defs	rc.local	  xdg
gdb			       logrotate.conf	rcS.d		  xfce4
ghostscript		       logrotate.d	reportbug.conf	  xml
gimp			       machine-id	request-key.conf  xpdf
gnome			       magic		request-key.d
gnome-vfs-2.0		       magic.mime	resolvconf
gnome-vfs-mime-magic	       mailcap		resolv.conf
lwt3133a@r-info-cora-l17:/etc$ find passwd
passwd
lwt3133a@r-info-cora-l17:/etc$ cut -c passwd 2,5
cut: invalid byte/character position « passwd »
Saisissez « cut --help » pour plus d'informations.
lwt3133a@r-info-cora-l17:/etc$ cut -c 2,5 passwd
o:
ao
ix
yx
y:
as
ax
p:
a:
e:
u:
ry
wd
au
i:
rx
ns
od
ye
ye
ye
ye
a:
ea
tt
na
ea
su
pc
s:
it
ue
vi
ad
el
td
tx
mn
lwt3133a@r-info-cora-l17:/etc$ cut -c [2^5] passwd
cut: invalid byte/character position « [2^5] »
Saisissez « cut --help » pour plus d'informations.
lwt3133a@r-info-cora-l17:/etc$ cut -c 2,5 passwd
o:
ao
ix
yx
y:
as
ax
p:
a:
e:
u:
ry
wd
au
i:
rx
ns
od
ye
ye
ye
ye
a:
ea
tt
na
ea
su
pc
s:
it
ue
vi
ad
el
td
tx
mn
lwt3133a@r-info-cora-l17:/etc$ cut -c 2,3 passwd
oo
ae
in
ys
yn
am
an
p:
ai
ew
uc
ro
ww
ac
is
rc
na
ob
ys
ys
ys
ys
ap
eb
tk
ns
es
sb
pe
sh
ig
ul
va
an
es
ta
tp
ml
lwt3133a@r-info-cora-l17:/etc$ cut -c 1,2,3,4,5 passwd
root:
daemo
bin:x
sys:x
sync:
games
man:x
lp:x:
mail:
news:
uucp:
proxy
www-d
backu
list:
irc:x
gnats
nobod
syste
syste
syste
syste
_apt:
Debia
rtkit
dnsma
messa
usbmu
speec
sshd:
light
pulse
avahi
saned
testl
statd
ntp:x
uml-n
lwt3133a@r-info-cora-l17:/etc$ cut -c 2,3,4,5 passwd
oot:
aemo
in:x
ys:x
ync:
ames
an:x
p:x:
ail:
ews:
ucp:
roxy
ww-d
acku
ist:
rc:x
nats
obod
yste
yste
yste
yste
apt:
ebia
tkit
nsma
essa
sbmu
peec
shd:
ight
ulse
vahi
aned
estl
tatd
tp:x
ml-n
lwt3133a@r-info-cora-l17:/etc$ cut -c2,5 passwd
o:
ao
ix
yx
y:
as
ax
p:
a:
e:
u:
ry
wd
au
i:
rx
ns
od
ye
ye
ye
ye
a:
ea
tt
na
ea
su
pc
s:
it
ue
vi
ad
el
td
tx
mn
lwt3133a@r-info-cora-l17:/etc$ cut -c2-5 passwd
oot:
aemo
in:x
ys:x
ync:
ames
an:x
p:x:
ail:
ews:
ucp:
roxy
ww-d
acku
ist:
rc:x
nats
obod
yste
yste
yste
yste
apt:
ebia
tkit
nsma
essa
sbmu
peec
shd:
ight
ulse
vahi
aned
estl
tatd
tp:x
ml-n
lwt3133a@r-info-cora-l17:/etc$ cut -c1-6,10 passwd
root:x0
daemon1
bin:x::
sys:x::
sync:x6
games::
man:x:2
lp:x:7l
mail:x8
news:x9
uucp:x:
proxy:3
www-dax
backup3
list:x:
irc:x:3
gnats:1
nobody6
systemi
systeme
systeme
systemu
_apt:x4
Debiani
rtkit:0
dnsmas:
messags
usbmux1
speechs
sshd:x1
lightd:
pulse:1
avahi:1
saned:1
testli:
statd:1
ntp:x::
uml-ne:
lwt3133a@r-info-cora-l17:/etc$ cut -c10 passwd
0
1
:
:
6
:
2
l
8
9
:
3
x
3
:
3
1
6
i
e
e
u
4
i
0
:
s
1
s
1
:
1
1
1
:
1
:
:
lwt3133a@r-info-cora-l17:/etc$ cut -c1-6,10 passwd
root:x0
daemon1
bin:x::
sys:x::
sync:x6
games::
man:x:2
lp:x:7l
mail:x8
news:x9
uucp:x:
proxy:3
www-dax
backup3
list:x:
irc:x:3
gnats:1
nobody6
systemi
systeme
systeme
systemu
_apt:x4
Debiani
rtkit:0
dnsmas:
messags
usbmux1
speechs
sshd:x1
lightd:
pulse:1
avahi:1
saned:1
testli:
statd:1
ntp:x::
uml-ne:
lwt3133a@r-info-cora-l17:/etc$ cat passwd
root:x:0:0:root:/root:/bin/bash
daemon:x:1:1:daemon:/usr/sbin:/usr/sbin/nologin
bin:x:2:2:bin:/bin:/usr/sbin/nologin
sys:x:3:3:sys:/dev:/usr/sbin/nologin
sync:x:4:65534:sync:/bin:/bin/sync
games:x:5:60:games:/usr/games:/usr/sbin/nologin
man:x:6:12:man:/var/cache/man:/usr/sbin/nologin
lp:x:7:7:lp:/var/spool/lpd:/usr/sbin/nologin
mail:x:8:8:mail:/var/mail:/usr/sbin/nologin
news:x:9:9:news:/var/spool/news:/usr/sbin/nologin
uucp:x:10:10:uucp:/var/spool/uucp:/usr/sbin/nologin
proxy:x:13:13:proxy:/bin:/usr/sbin/nologin
www-data:x:33:33:www-data:/var/www:/usr/sbin/nologin
backup:x:34:34:backup:/var/backups:/usr/sbin/nologin
list:x:38:38:Mailing List Manager:/var/list:/usr/sbin/nologin
irc:x:39:39:ircd:/var/run/ircd:/usr/sbin/nologin
gnats:x:41:41:Gnats Bug-Reporting System (admin):/var/lib/gnats:/usr/sbin/nologin
nobody:x:65534:65534:nobody:/nonexistent:/usr/sbin/nologin
systemd-timesync:x:100:102:systemd Time Synchronization,,,:/run/systemd:/bin/false
systemd-network:x:101:103:systemd Network Management,,,:/run/systemd/netif:/bin/false
systemd-resolve:x:102:104:systemd Resolver,,,:/run/systemd/resolve:/bin/false
systemd-bus-proxy:x:103:105:systemd Bus Proxy,,,:/run/systemd:/bin/false
_apt:x:104:65534::/nonexistent:/bin/false
Debian-exim:x:105:109::/var/spool/exim4:/bin/false
rtkit:x:106:110:RealtimeKit,,,:/proc:/bin/false
dnsmasq:x:107:65534:dnsmasq,,,:/var/lib/misc:/bin/false
messagebus:x:108:111::/var/run/dbus:/bin/false
usbmux:x:109:46:usbmux daemon,,,:/var/lib/usbmux:/bin/false
speech-dispatcher:x:110:29:Speech Dispatcher,,,:/var/run/speech-dispatcher:/bin/false
sshd:x:111:65534::/run/sshd:/usr/sbin/nologin
lightdm:x:112:114:Light Display Manager:/var/lib/lightdm:/bin/false
pulse:x:113:115:PulseAudio daemon,,,:/var/run/pulse:/bin/false
avahi:x:114:118:Avahi mDNS daemon,,,:/var/run/avahi-daemon:/bin/false
saned:x:115:119::/var/lib/saned:/bin/false
testlinux:x:1000:1000:testlinux,,,:/home/testlinux:/bin/bash
statd:x:116:65534::/var/lib/nfs:/bin/false
ntp:x:117:121::/home/ntp:/bin/false
uml-net:x:118:123::/nonexistent:/bin/false
lwt3133a@r-info-cora-l17:/etc$ cut -f 1,6 -d :/etc/passwd
cut: le délimiteur doit être un seul caractère
Saisissez « cut --help » pour plus d'informations.
lwt3133a@r-info-cora-l17:/etc$ cut -f 1,6 -d : /etc/passwd
root:/root
daemon:/usr/sbin
bin:/bin
sys:/dev
sync:/bin
games:/usr/games
man:/var/cache/man
lp:/var/spool/lpd
mail:/var/mail
news:/var/spool/news
uucp:/var/spool/uucp
proxy:/bin
www-data:/var/www
backup:/var/backups
list:/var/list
irc:/var/run/ircd
gnats:/var/lib/gnats
nobody:/nonexistent
systemd-timesync:/run/systemd
systemd-network:/run/systemd/netif
systemd-resolve:/run/systemd/resolve
systemd-bus-proxy:/run/systemd
_apt:/nonexistent
Debian-exim:/var/spool/exim4
rtkit:/proc
dnsmasq:/var/lib/misc
messagebus:/var/run/dbus
usbmux:/var/lib/usbmux
speech-dispatcher:/var/run/speech-dispatcher
sshd:/run/sshd
lightdm:/var/lib/lightdm
pulse:/var/run/pulse
avahi:/var/run/avahi-daemon
saned:/var/lib/saned
testlinux:/home/testlinux
statd:/var/lib/nfs
ntp:/home/ntp
uml-net:/nonexistent
lwt3133a@r-info-cora-l17:/etc$ 
lwt3133a@r-info-cora-l17:/etc$ 

